src/App.tsx(6,5): error TS6133: 'Monitor' is declared but its value is never read.
src/App.tsx(9,5): error TS6133: 'Smartphone' is declared but its value is never read.
src/App.tsx(11,5): error TS6133: 'CheckCircle2' is declared but its value is never read.
