﻿
> weconexionserviciosecuador@1.0.0 build
> tsc && vite build

[36mvite v6.4.1 [32mbuilding for production...[36m[39m
transforming...
[32mΓ£ô[39m 3 modules transformed.
node.exe : [31mΓ£ù[39m 
Build failed in 136ms
En 
C:\nvm4w\nodejs\npm.ps1: 
29 Carácter: 3
+   & $NODE_EXE 
$NPM_CLI_JS $args
+   ~~~~~~~~~~~~~~~~~~~~~~~
~~~~~~
    + CategoryInfo         
     : NotSpecified: ([3  
  1mΓ£ù[39m Build faile   
 d in 136ms:String) [],    
 RemoteException
    + FullyQualifiedErrorI 
   d : NativeCommandError
 
[31merror during build:
[31m[@tailwindcss/vite:gen
erate:build] Cannot apply 
unknown utility class 
`border-border`[31m
file: [36mC:/Users/josue/O
neDrive/Escritorio/imag CS/
weconexionserviciosecuador/
src/index.css[31m
    at onInvalidCandidate (
file:///C:/Users/josue/OneD
rive/Escritorio/imag%20CS/w
econexionserviciosecuador/n
ode_modules/tailwindcss/dis
t/chunk-L5IEUH3R.mjs:21:151
1)
    at $e (file:///C:/Users
/josue/OneDrive/Escritorio/
imag%20CS/weconexionservici
osecuador/node_modules/tail
windcss/dist/chunk-L5IEUH3R
.mjs:16:37066)
    at file:///C:/Users/jos
ue/OneDrive/Escritorio/imag
%20CS/weconexionserviciosec
uador/node_modules/tailwind
css/dist/chunk-L5IEUH3R.mjs
:21:355
    at Ar (file:///C:/Users
/josue/OneDrive/Escritorio/
imag%20CS/weconexionservici
osecuador/node_modules/tail
windcss/dist/chunk-L5IEUH3R
.mjs:3:1733)
    at I (file:///C:/Users/
josue/OneDrive/Escritorio/i
mag%20CS/weconexionservicio
secuador/node_modules/tailw
indcss/dist/chunk-L5IEUH3R.
mjs:3:1377)
    at Ce (file:///C:/Users
/josue/OneDrive/Escritorio/
imag%20CS/weconexionservici
osecuador/node_modules/tail
windcss/dist/chunk-L5IEUH3R
.mjs:21:172)
    at Gi (file:///C:/Users
/josue/OneDrive/Escritorio/
imag%20CS/weconexionservici
osecuador/node_modules/tail
windcss/dist/chunk-L5IEUH3R
.mjs:38:294)
    at async ao (file:///C:
/Users/josue/OneDrive/Escri
torio/imag%20CS/weconexions
erviciosecuador/node_module
s/tailwindcss/dist/chunk-L5
IEUH3R.mjs:38:631)
    at async vf (file:///C:
/Users/josue/OneDrive/Escri
torio/imag%20CS/weconexions
erviciosecuador/node_module
s/tailwindcss/dist/chunk-L5
IEUH3R.mjs:38:1406)
    at async uu (file:///C:
/Users/josue/OneDrive/Escri
torio/imag%20CS/weconexions
erviciosecuador/node_module
s/@tailwindcss/node/dist/in
dex.mjs:10:3458)[39m
