src/App.tsx(1,8): error TS6133: 'React' is declared but its value is never read.
src/App.tsx(102,22): error TS2739: Type '{}' is missing the following properties from type 'ThemeToggleProps': theme, toggleTheme
