src/App.tsx(5,18): error TS6133: 'Star' is declared but its value is never read.
src/App.tsx(5,24): error TS6133: 'BadgeCheck' is declared but its value is never read.
src/App.tsx(6,12): error TS6133: 'TrendingUp' is declared but its value is never read.
src/App.tsx(6,24): error TS6133: 'Layers' is declared but its value is never read.
